<html>
<body>
<pre>
<h1>µVision Build Log</h1>
<h2>Tool Versions:</h2>
IDE-Version: µVision V5.25.2.0
Copyright (C) 2018 ARM Ltd and ARM Germany GmbH. All rights reserved.
License Information: Rich Surgenor, student, LIC=----
 
Tool Versions:
Toolchain:       MDK-Lite  Version: 5.25.2.0
Toolchain Path:  C:\Keil_v5\ARM\ARMCC\Bin
C Compiler:      Armcc.exe V5.06 update 6 (build 750)
Assembler:       Armasm.exe V5.06 update 6 (build 750)
Linker/Locator:  ArmLink.exe V5.06 update 6 (build 750)
Library Manager: ArmAr.exe V5.06 update 6 (build 750)
Hex Converter:   FromElf.exe V5.06 update 6 (build 750)
CPU DLL:         SARMCM3.DLL V5.25.2.0
Dialog DLL:      DCM.DLL V1.17.1.0
Target DLL:      STLink\ST-LINKIII-KEIL_SWO.dll V3.0.1.0
Dialog DLL:      TCM.DLL V1.35.1.0
 
<h2>Project:</h2>
G:\Google Drive\school\J-Fall-2018\ELEC 3050\Lab1\lab1.uvprojx
Project File Date:  08/30/2018

<h2>Output:</h2>
*** Using Compiler 'V5.06 update 6 (build 750)', folder: 'C:\Keil_v5\ARM\ARMCC\Bin'
Build target 'Target 1'
compiling main.c...
main.c(3): warning:  #9-D: nested comment is not allowed
  /* ELEC 3040/3050 - Lab 2, Program 1 */
main.c(5): warning:  #9-D: nested comment is not allowed
  /*====================================================*/
main.c(38): warning:  #177-D: variable "i"  was declared but never referenced
   int i,j,n;
main.c(38): warning:  #550-D: variable "n"  was set but never used
   int i,j,n;
main.c(86): warning:  #1-D: last line of file ends without a newline
  } 
main.c: 5 warnings, 0 errors
linking...
Program Size: Code=744 RO-data=324 RW-data=4 ZI-data=1636  
".\Objects\lab1.axf" - 0 Error(s), 5 Warning(s).

<h2>Software Packages used:</h2>

Package Vendor: ARM
                http://www.keil.com/pack/ARM.CMSIS.5.3.0.pack
                ARM.CMSIS.5.3.0
                CMSIS (Cortex Microcontroller Software Interface Standard)
   * Component: CORE Version: 5.1.1

Package Vendor: Keil
                http://www.keil.com/pack/Keil.STM32L1xx_DFP.1.2.0.pack
                Keil.STM32L1xx_DFP.1.2.0
                STMicroelectronics STM32L1 Series Device Support and Examples
   * Component: Startup Version: 2.0.0

<h2>Collection of Component include folders:</h2>
  .\RTE\_Target_1
  C:\Keil_v5\ARM\PACK\ARM\CMSIS\5.3.0\CMSIS\Include
  C:\Keil_v5\ARM\PACK\Keil\STM32L1xx_DFP\1.2.0\Device\Include

<h2>Collection of Component Files used:</h2>

   * Component: ARM::CMSIS:CORE:5.1.1

   * Component: Keil::Device:Startup:2.0.0
      Source file:   Device\Source\ARM\startup_stm32l100xc.s
      Source file:   Device\Source\ARM\STM32L1xx_MD+_OPT.s
      Source file:   Device\Source\system_stm32l1xx.c
Build Time Elapsed:  00:00:01
</pre>
</body>
</html>
